// Vitest Snapshot v1, https://vitest.dev/guide/snapshot.html

exports[`LoginPage should match it's snapshot 1`] = `
{
  "asFragment": [Function],
  "baseElement": <body>
    <div>
      <div
        class="flex h-screen flex-col items-center justify-center  bg-gradient-to-br from-blue-200 via-blue-500 to-blue-700"
      >
        <div
          class="mb-10 rounded-md bg-white p-4 text-center shadow-lg"
        >
          <h1
            class="text-3xl font-semibold text-blue-800"
          >
            Welcome to Workout Tracker!
          </h1>
          <form
            class="mb-5 mt-3 flex flex-col items-center justify-center rounded-lg bg-slate-400 px-3 py-10"
          >
            <input
              class="search-input"
              name="username"
              placeholder="Enter your username"
              required=""
              type="text"
              value=""
            />
            <input
              class="search-input"
              name="password"
              placeholder="Enter your password"
              required=""
              type="password"
              value=""
            />
            <button
              class="button-theme"
              type="submit"
            >
              Login
            </button>
          </form>
          <button
            class="button-theme"
            data-testid="signup-button"
          >
            Signup
          </button>
        </div>
      </div>
    </div>
  </body>,
  "container": <div>
    <div
      class="flex h-screen flex-col items-center justify-center  bg-gradient-to-br from-blue-200 via-blue-500 to-blue-700"
    >
      <div
        class="mb-10 rounded-md bg-white p-4 text-center shadow-lg"
      >
        <h1
          class="text-3xl font-semibold text-blue-800"
        >
          Welcome to Workout Tracker!
        </h1>
        <form
          class="mb-5 mt-3 flex flex-col items-center justify-center rounded-lg bg-slate-400 px-3 py-10"
        >
          <input
            class="search-input"
            name="username"
            placeholder="Enter your username"
            required=""
            type="text"
            value=""
          />
          <input
            class="search-input"
            name="password"
            placeholder="Enter your password"
            required=""
            type="password"
            value=""
          />
          <button
            class="button-theme"
            type="submit"
          >
            Login
          </button>
        </form>
        <button
          class="button-theme"
          data-testid="signup-button"
        >
          Signup
        </button>
      </div>
    </div>
  </div>,
  "debug": [Function],
  "findAllByAltText": [Function],
  "findAllByDisplayValue": [Function],
  "findAllByLabelText": [Function],
  "findAllByPlaceholderText": [Function],
  "findAllByRole": [Function],
  "findAllByTestId": [Function],
  "findAllByText": [Function],
  "findAllByTitle": [Function],
  "findByAltText": [Function],
  "findByDisplayValue": [Function],
  "findByLabelText": [Function],
  "findByPlaceholderText": [Function],
  "findByRole": [Function],
  "findByTestId": [Function],
  "findByText": [Function],
  "findByTitle": [Function],
  "getAllByAltText": [Function],
  "getAllByDisplayValue": [Function],
  "getAllByLabelText": [Function],
  "getAllByPlaceholderText": [Function],
  "getAllByRole": [Function],
  "getAllByTestId": [Function],
  "getAllByText": [Function],
  "getAllByTitle": [Function],
  "getByAltText": [Function],
  "getByDisplayValue": [Function],
  "getByLabelText": [Function],
  "getByPlaceholderText": [Function],
  "getByRole": [Function],
  "getByTestId": [Function],
  "getByText": [Function],
  "getByTitle": [Function],
  "queryAllByAltText": [Function],
  "queryAllByDisplayValue": [Function],
  "queryAllByLabelText": [Function],
  "queryAllByPlaceholderText": [Function],
  "queryAllByRole": [Function],
  "queryAllByTestId": [Function],
  "queryAllByText": [Function],
  "queryAllByTitle": [Function],
  "queryByAltText": [Function],
  "queryByDisplayValue": [Function],
  "queryByLabelText": [Function],
  "queryByPlaceholderText": [Function],
  "queryByRole": [Function],
  "queryByTestId": [Function],
  "queryByText": [Function],
  "queryByTitle": [Function],
  "rerender": [Function],
  "unmount": [Function],
}
`;
