// Vitest Snapshot v1, https://vitest.dev/guide/snapshot.html

exports[`Should match its snapshot 1`] = `
{
  "asFragment": [Function],
  "baseElement": <body>
    <div>
      <div
        class="position-fixed fixed top-0 left-0 z-50 flex h-full w-full items-center justify-center bg-opacity-90 bg-gradient-to-br from-blue-200 via-blue-500 to-blue-700"
        role="button"
        tabindex="0"
      >
        <form
          class="signup-form"
          data-testid="signup-form"
        >
          <input
            class="search-input"
            name="email"
            placeholder="Enter your email"
            required=""
            type="text"
            value=""
          />
          <input
            class="search-input"
            name="firstName"
            placeholder="Enter your first name"
            required=""
            type="text"
            value=""
          />
          <input
            class="search-input"
            name="lastName"
            placeholder="Enter your last name"
            required=""
            type="text"
            value=""
          />
          <input
            class="search-input"
            name="address"
            placeholder="Enter your address"
            required=""
            type="text"
            value=""
          />
          <input
            class="search-input"
            name="username"
            placeholder="Enter a username"
            required=""
            type="text"
            value=""
          />
          <input
            class="search-input"
            name="password"
            placeholder="Enter a password"
            required=""
            type="password"
            value=""
          />
          <button
            class="button-theme"
            type="submit"
          >
            Submit
          </button>
          <button
            class="button-theme"
            type="button"
          >
            Cancel
          </button>
        </form>
      </div>
    </div>
    <div>
      <div
        class="position-fixed fixed top-0 left-0 z-50 flex h-full w-full items-center justify-center bg-opacity-90 bg-gradient-to-br from-blue-200 via-blue-500 to-blue-700"
        role="button"
        tabindex="0"
      >
        <form
          class="signup-form"
          data-testid="signup-form"
        >
          <input
            class="search-input"
            name="email"
            placeholder="Enter your email"
            required=""
            type="text"
            value=""
          />
          <input
            class="search-input"
            name="firstName"
            placeholder="Enter your first name"
            required=""
            type="text"
            value=""
          />
          <input
            class="search-input"
            name="lastName"
            placeholder="Enter your last name"
            required=""
            type="text"
            value=""
          />
          <input
            class="search-input"
            name="address"
            placeholder="Enter your address"
            required=""
            type="text"
            value=""
          />
          <input
            class="search-input"
            name="username"
            placeholder="Enter a username"
            required=""
            type="text"
            value=""
          />
          <input
            class="search-input"
            name="password"
            placeholder="Enter a password"
            required=""
            type="password"
            value=""
          />
          <button
            class="button-theme"
            type="submit"
          >
            Submit
          </button>
          <button
            class="button-theme"
            type="button"
          >
            Cancel
          </button>
        </form>
      </div>
    </div>
  </body>,
  "container": <div>
    <div
      class="position-fixed fixed top-0 left-0 z-50 flex h-full w-full items-center justify-center bg-opacity-90 bg-gradient-to-br from-blue-200 via-blue-500 to-blue-700"
      role="button"
      tabindex="0"
    >
      <form
        class="signup-form"
        data-testid="signup-form"
      >
        <input
          class="search-input"
          name="email"
          placeholder="Enter your email"
          required=""
          type="text"
          value=""
        />
        <input
          class="search-input"
          name="firstName"
          placeholder="Enter your first name"
          required=""
          type="text"
          value=""
        />
        <input
          class="search-input"
          name="lastName"
          placeholder="Enter your last name"
          required=""
          type="text"
          value=""
        />
        <input
          class="search-input"
          name="address"
          placeholder="Enter your address"
          required=""
          type="text"
          value=""
        />
        <input
          class="search-input"
          name="username"
          placeholder="Enter a username"
          required=""
          type="text"
          value=""
        />
        <input
          class="search-input"
          name="password"
          placeholder="Enter a password"
          required=""
          type="password"
          value=""
        />
        <button
          class="button-theme"
          type="submit"
        >
          Submit
        </button>
        <button
          class="button-theme"
          type="button"
        >
          Cancel
        </button>
      </form>
    </div>
  </div>,
  "debug": [Function],
  "findAllByAltText": [Function],
  "findAllByDisplayValue": [Function],
  "findAllByLabelText": [Function],
  "findAllByPlaceholderText": [Function],
  "findAllByRole": [Function],
  "findAllByTestId": [Function],
  "findAllByText": [Function],
  "findAllByTitle": [Function],
  "findByAltText": [Function],
  "findByDisplayValue": [Function],
  "findByLabelText": [Function],
  "findByPlaceholderText": [Function],
  "findByRole": [Function],
  "findByTestId": [Function],
  "findByText": [Function],
  "findByTitle": [Function],
  "getAllByAltText": [Function],
  "getAllByDisplayValue": [Function],
  "getAllByLabelText": [Function],
  "getAllByPlaceholderText": [Function],
  "getAllByRole": [Function],
  "getAllByTestId": [Function],
  "getAllByText": [Function],
  "getAllByTitle": [Function],
  "getByAltText": [Function],
  "getByDisplayValue": [Function],
  "getByLabelText": [Function],
  "getByPlaceholderText": [Function],
  "getByRole": [Function],
  "getByTestId": [Function],
  "getByText": [Function],
  "getByTitle": [Function],
  "queryAllByAltText": [Function],
  "queryAllByDisplayValue": [Function],
  "queryAllByLabelText": [Function],
  "queryAllByPlaceholderText": [Function],
  "queryAllByRole": [Function],
  "queryAllByTestId": [Function],
  "queryAllByText": [Function],
  "queryAllByTitle": [Function],
  "queryByAltText": [Function],
  "queryByDisplayValue": [Function],
  "queryByLabelText": [Function],
  "queryByPlaceholderText": [Function],
  "queryByRole": [Function],
  "queryByTestId": [Function],
  "queryByText": [Function],
  "queryByTitle": [Function],
  "rerender": [Function],
  "unmount": [Function],
}
`;
